2025-04-04 04:38:59.476677 - Received CBT.V508.FILE120.PDS from FILE120.XMI 
2025-04-04 04:38:59.483918 - Found $$$#DATE.txt (text/plain) in CBT.V508.FILE120.PDS, moved to PDS/$$$#DATE
2025-04-04 04:38:59.484064 - Found $$$CPYRT.txt (text/plain) in CBT.V508.FILE120.PDS, moved to PDS/$$$CPYRT
2025-04-04 04:38:59.484201 - Found $$$INDEX.txt (text/plain) in CBT.V508.FILE120.PDS, moved to PDS/$$$INDEX
2025-04-04 04:38:59.484319 - Found $$$PERMT.txt (text/plain) in CBT.V508.FILE120.PDS, moved to PDS/$$$PERMT
2025-04-04 04:38:59.484438 - Found $$ABOUT.txt (text/plain) in CBT.V508.FILE120.PDS, moved to PDS/$$ABOUT
2025-04-04 04:38:59.484619 - Found $$DIRECT.txt (text/plain) in CBT.V508.FILE120.PDS, moved to PDS/$$DIRECT
2025-04-04 04:38:59.484741 - Found $$INTRO.txt (text/plain) in CBT.V508.FILE120.PDS, moved to PDS/$$INTRO
2025-04-04 04:38:59.484874 - Found ###RUNME.rexx (text/plain) in CBT.V508.FILE120.PDS, moved to PDS/###RUNME
2025-04-04 04:38:59.484995 - Found @FILE120.txt (text/plain) in CBT.V508.FILE120.PDS, moved to PDS/@FILE120
2025-04-04 04:38:59.485175 - Found @PDSART0.bin (application/octet-stream) in CBT.V508.FILE120.PDS, moved to PDS/@PDSART0
2025-04-04 04:38:59.485319 - Found @PDSART1.txt (text/plain) in CBT.V508.FILE120.PDS, moved to PDS/@PDSART1
2025-04-04 04:38:59.485458 - Found @PDSART2.txt (text/plain) in CBT.V508.FILE120.PDS, moved to PDS/@PDSART2
2025-04-04 04:38:59.485590 - Found @PDSART3.txt (text/plain) in CBT.V508.FILE120.PDS, moved to PDS/@PDSART3
2025-04-04 04:38:59.485717 - Found @SMINTRO.txt (text/plain) in CBT.V508.FILE120.PDS, moved to PDS/@SMINTRO
2025-04-04 04:38:59.485844 - Found @SMPART1.txt (text/plain) in CBT.V508.FILE120.PDS, moved to PDS/@SMPART1
2025-04-04 04:38:59.486002 - Found @SMPART2.txt (text/plain) in CBT.V508.FILE120.PDS, moved to PDS/@SMPART2
2025-04-04 04:38:59.486142 - Found BM0009SE.txt (text/plain) in CBT.V508.FILE120.PDS, moved to PDS/BM0009SE
2025-04-04 04:38:59.486262 - Found BM0806JN.txt (text/plain) in CBT.V508.FILE120.PDS, moved to PDS/BM0806JN
2025-04-04 04:38:59.486406 - Found BM0901JA.txt (text/plain) in CBT.V508.FILE120.PDS, moved to PDS/BM0901JA
2025-04-04 04:38:59.486597 - Found BM0902FE.txt (text/plain) in CBT.V508.FILE120.PDS, moved to PDS/BM0902FE
2025-04-04 04:38:59.487024 - Found BM1005MY.txt (text/plain) in CBT.V508.FILE120.PDS, moved to PDS/BM1005MY
2025-04-04 04:38:59.487171 - Found BM1006JN.txt (text/plain) in CBT.V508.FILE120.PDS, moved to PDS/BM1006JN
2025-04-04 04:38:59.487299 - Found BM1911NV.txt (text/plain) in CBT.V508.FILE120.PDS, moved to PDS/BM1911NV
2025-04-04 04:38:59.487428 - Found BM1912DE.txt (text/plain) in CBT.V508.FILE120.PDS, moved to PDS/BM1912DE
2025-04-04 04:38:59.487545 - Found BM2001JA.txt (text/plain) in CBT.V508.FILE120.PDS, moved to PDS/BM2001JA
2025-04-04 04:38:59.487671 - Found BM2001JB.txt (text/plain) in CBT.V508.FILE120.PDS, moved to PDS/BM2001JB
2025-04-04 04:38:59.487813 - Found BM2001JC.txt (text/plain) in CBT.V508.FILE120.PDS, moved to PDS/BM2001JC
2025-04-04 04:38:59.487962 - Found BM2002FE.txt (text/plain) in CBT.V508.FILE120.PDS, moved to PDS/BM2002FE
2025-04-04 04:38:59.488096 - Found BM2003MA.txt (text/plain) in CBT.V508.FILE120.PDS, moved to PDS/BM2003MA
2025-04-04 04:38:59.488234 - Found BM2011NV.txt (text/plain) in CBT.V508.FILE120.PDS, moved to PDS/BM2011NV
2025-04-04 04:38:59.488368 - Found BM2302FE.txt (text/plain) in CBT.V508.FILE120.PDS, moved to PDS/BM2302FE
2025-04-04 04:38:59.488503 - Found BM2310OC.txt (text/plain) in CBT.V508.FILE120.PDS, moved to PDS/BM2310OC
2025-04-04 04:38:59.488731 - Found CL8901JA.txt (text/plain) in CBT.V508.FILE120.PDS, moved to PDS/CL8901JA
2025-04-04 04:38:59.488903 - Found CL8902FE.txt (text/plain) in CBT.V508.FILE120.PDS, moved to PDS/CL8902FE
2025-04-04 04:38:59.489019 - Found CL8903MA.txt (text/plain) in CBT.V508.FILE120.PDS, moved to PDS/CL8903MA
2025-04-04 04:38:59.489144 - Found CL8904AP.txt (text/plain) in CBT.V508.FILE120.PDS, moved to PDS/CL8904AP
2025-04-04 04:38:59.489280 - Found CL8905MY.txt (text/plain) in CBT.V508.FILE120.PDS, moved to PDS/CL8905MY
2025-04-04 04:38:59.489433 - Found CL8905X1.txt (text/plain) in CBT.V508.FILE120.PDS, moved to PDS/CL8905X1
2025-04-04 04:38:59.489543 - Found CL8906JN.txt (text/plain) in CBT.V508.FILE120.PDS, moved to PDS/CL8906JN
2025-04-04 04:38:59.489659 - Found CL8907JL.txt (text/plain) in CBT.V508.FILE120.PDS, moved to PDS/CL8907JL
2025-04-04 04:38:59.489766 - Found CL8909SE.txt (text/plain) in CBT.V508.FILE120.PDS, moved to PDS/CL8909SE
2025-04-04 04:38:59.489889 - Found CL8910OC.txt (text/plain) in CBT.V508.FILE120.PDS, moved to PDS/CL8910OC
2025-04-04 04:38:59.490009 - Found CL8911NV.txt (text/plain) in CBT.V508.FILE120.PDS, moved to PDS/CL8911NV
2025-04-04 04:38:59.490125 - Found CL8912DE.txt (text/plain) in CBT.V508.FILE120.PDS, moved to PDS/CL8912DE
2025-04-04 04:38:59.490239 - Found CL9001JA.txt (text/plain) in CBT.V508.FILE120.PDS, moved to PDS/CL9001JA
2025-04-04 04:38:59.490378 - Found CL9002FE.txt (text/plain) in CBT.V508.FILE120.PDS, moved to PDS/CL9002FE
2025-04-04 04:38:59.490499 - Found CL9004AP.txt (text/plain) in CBT.V508.FILE120.PDS, moved to PDS/CL9004AP
2025-04-04 04:38:59.490610 - Found CL9005MY.txt (text/plain) in CBT.V508.FILE120.PDS, moved to PDS/CL9005MY
2025-04-04 04:38:59.490721 - Found CL9006JN.txt (text/plain) in CBT.V508.FILE120.PDS, moved to PDS/CL9006JN
2025-04-04 04:38:59.490839 - Found CL9007JL.txt (text/plain) in CBT.V508.FILE120.PDS, moved to PDS/CL9007JL
2025-04-04 04:38:59.490950 - Found CL9008AU.txt (text/plain) in CBT.V508.FILE120.PDS, moved to PDS/CL9008AU
2025-04-04 04:38:59.491069 - Found CL9009SE.txt (text/plain) in CBT.V508.FILE120.PDS, moved to PDS/CL9009SE
2025-04-04 04:38:59.491189 - Found CL9010OC.txt (text/plain) in CBT.V508.FILE120.PDS, moved to PDS/CL9010OC
2025-04-04 04:38:59.491306 - Found CL9011NV.txt (text/plain) in CBT.V508.FILE120.PDS, moved to PDS/CL9011NV
2025-04-04 04:38:59.491425 - Found CL9012DE.txt (text/plain) in CBT.V508.FILE120.PDS, moved to PDS/CL9012DE
2025-04-04 04:38:59.491551 - Found CL9101JA.txt (text/plain) in CBT.V508.FILE120.PDS, moved to PDS/CL9101JA
2025-04-04 04:38:59.491709 - Found CL9102FE.txt (text/plain) in CBT.V508.FILE120.PDS, moved to PDS/CL9102FE
2025-04-04 04:38:59.491831 - Found CL9103MA.txt (text/plain) in CBT.V508.FILE120.PDS, moved to PDS/CL9103MA
2025-04-04 04:38:59.491940 - Found CL9104AP.txt (text/plain) in CBT.V508.FILE120.PDS, moved to PDS/CL9104AP
2025-04-04 04:38:59.492050 - Found CL9105MY.txt (text/plain) in CBT.V508.FILE120.PDS, moved to PDS/CL9105MY
2025-04-04 04:38:59.492186 - Found CL9106JN.txt (text/plain) in CBT.V508.FILE120.PDS, moved to PDS/CL9106JN
2025-04-04 04:38:59.492298 - Found CL9107JL.txt (text/plain) in CBT.V508.FILE120.PDS, moved to PDS/CL9107JL
2025-04-04 04:38:59.492412 - Found CL9108AU.txt (text/plain) in CBT.V508.FILE120.PDS, moved to PDS/CL9108AU
2025-04-04 04:38:59.492537 - Found CL9109SE.txt (text/plain) in CBT.V508.FILE120.PDS, moved to PDS/CL9109SE
2025-04-04 04:38:59.492655 - Found CL9110OC.txt (text/plain) in CBT.V508.FILE120.PDS, moved to PDS/CL9110OC
2025-04-04 04:38:59.492772 - Found CL9111NV.txt (text/plain) in CBT.V508.FILE120.PDS, moved to PDS/CL9111NV
2025-04-04 04:38:59.492888 - Found CL9112DE.txt (text/plain) in CBT.V508.FILE120.PDS, moved to PDS/CL9112DE
2025-04-04 04:38:59.493008 - Found CL9201JA.txt (text/plain) in CBT.V508.FILE120.PDS, moved to PDS/CL9201JA
2025-04-04 04:38:59.493126 - Found CL9202FE.txt (text/plain) in CBT.V508.FILE120.PDS, moved to PDS/CL9202FE
2025-04-04 04:38:59.493252 - Found CL9203MA.txt (text/plain) in CBT.V508.FILE120.PDS, moved to PDS/CL9203MA
2025-04-04 04:38:59.493363 - Found CL9204AP.txt (text/plain) in CBT.V508.FILE120.PDS, moved to PDS/CL9204AP
2025-04-04 04:38:59.493520 - Found CL9205MY.txt (text/plain) in CBT.V508.FILE120.PDS, moved to PDS/CL9205MY
2025-04-04 04:38:59.493638 - Found CL9206JN.txt (text/plain) in CBT.V508.FILE120.PDS, moved to PDS/CL9206JN
2025-04-04 04:38:59.493809 - Found CL9207JL.txt (text/plain) in CBT.V508.FILE120.PDS, moved to PDS/CL9207JL
2025-04-04 04:38:59.493927 - Found CL9208AU.txt (text/plain) in CBT.V508.FILE120.PDS, moved to PDS/CL9208AU
2025-04-04 04:38:59.494047 - Found CL9209SE.txt (text/plain) in CBT.V508.FILE120.PDS, moved to PDS/CL9209SE
2025-04-04 04:38:59.494205 - Found CL9210OC.txt (text/plain) in CBT.V508.FILE120.PDS, moved to PDS/CL9210OC
2025-04-04 04:38:59.494495 - Found CL9211NV.txt (text/plain) in CBT.V508.FILE120.PDS, moved to PDS/CL9211NV
2025-04-04 04:38:59.494623 - Found CL9212DE.txt (text/plain) in CBT.V508.FILE120.PDS, moved to PDS/CL9212DE
2025-04-04 04:38:59.494749 - Found CL9301JA.txt (text/plain) in CBT.V508.FILE120.PDS, moved to PDS/CL9301JA
2025-04-04 04:38:59.494856 - Found CL9302FE.txt (text/plain) in CBT.V508.FILE120.PDS, moved to PDS/CL9302FE
2025-04-04 04:38:59.494975 - Found CL9303MA.txt (text/plain) in CBT.V508.FILE120.PDS, moved to PDS/CL9303MA
2025-04-04 04:38:59.495127 - Found CL9304AP.txt (text/plain) in CBT.V508.FILE120.PDS, moved to PDS/CL9304AP
2025-04-04 04:38:59.495253 - Found CL9305JL.txt (text/plain) in CBT.V508.FILE120.PDS, moved to PDS/CL9305JL
2025-04-04 04:38:59.495377 - Found CL9306SE.txt (text/plain) in CBT.V508.FILE120.PDS, moved to PDS/CL9306SE
2025-04-04 04:38:59.495532 - Found CL9307NV.txt (text/plain) in CBT.V508.FILE120.PDS, moved to PDS/CL9307NV
2025-04-04 04:38:59.495643 - Found CL9401JA.txt (text/plain) in CBT.V508.FILE120.PDS, moved to PDS/CL9401JA
2025-04-04 04:38:59.495748 - Found CL9402MA.txt (text/plain) in CBT.V508.FILE120.PDS, moved to PDS/CL9402MA
2025-04-04 04:38:59.495863 - Found CL9403MY.txt (text/plain) in CBT.V508.FILE120.PDS, moved to PDS/CL9403MY
2025-04-04 04:38:59.495984 - Found CL9404JL.txt (text/plain) in CBT.V508.FILE120.PDS, moved to PDS/CL9404JL
2025-04-04 04:38:59.496104 - Found CL9405OC.txt (text/plain) in CBT.V508.FILE120.PDS, moved to PDS/CL9405OC
2025-04-04 04:38:59.496259 - Found CL9406NV.txt (text/plain) in CBT.V508.FILE120.PDS, moved to PDS/CL9406NV
2025-04-04 04:38:59.496381 - Found CL9407DE.txt (text/plain) in CBT.V508.FILE120.PDS, moved to PDS/CL9407DE
2025-04-04 04:38:59.496514 - Found CL9501JA.txt (text/plain) in CBT.V508.FILE120.PDS, moved to PDS/CL9501JA
2025-04-04 04:38:59.496638 - Found CL9502FE.txt (text/plain) in CBT.V508.FILE120.PDS, moved to PDS/CL9502FE
2025-04-04 04:38:59.496754 - Found CL9503MA.txt (text/plain) in CBT.V508.FILE120.PDS, moved to PDS/CL9503MA
2025-04-04 04:38:59.496867 - Found CL9504AP.txt (text/plain) in CBT.V508.FILE120.PDS, moved to PDS/CL9504AP
2025-04-04 04:38:59.496982 - Found CL9505MY.txt (text/plain) in CBT.V508.FILE120.PDS, moved to PDS/CL9505MY
2025-04-04 04:38:59.497098 - Found CL9506JN.txt (text/plain) in CBT.V508.FILE120.PDS, moved to PDS/CL9506JN
2025-04-04 04:38:59.497204 - Found CL9507JL.txt (text/plain) in CBT.V508.FILE120.PDS, moved to PDS/CL9507JL
2025-04-04 04:38:59.497324 - Found CL9508AU.txt (text/plain) in CBT.V508.FILE120.PDS, moved to PDS/CL9508AU
2025-04-04 04:38:59.497433 - Found CL9509SE.txt (text/plain) in CBT.V508.FILE120.PDS, moved to PDS/CL9509SE
2025-04-04 04:38:59.497559 - Found CL9510OC.txt (text/plain) in CBT.V508.FILE120.PDS, moved to PDS/CL9510OC
2025-04-04 04:38:59.497676 - Found CL9511NV.txt (text/plain) in CBT.V508.FILE120.PDS, moved to PDS/CL9511NV
2025-04-04 04:38:59.497792 - Found CL9512DE.txt (text/plain) in CBT.V508.FILE120.PDS, moved to PDS/CL9512DE
2025-04-04 04:38:59.497904 - Found CL9601JA.txt (text/plain) in CBT.V508.FILE120.PDS, moved to PDS/CL9601JA
2025-04-04 04:38:59.498010 - Found CL9602FE.txt (text/plain) in CBT.V508.FILE120.PDS, moved to PDS/CL9602FE
2025-04-04 04:38:59.498160 - Found CL9603MA.txt (text/plain) in CBT.V508.FILE120.PDS, moved to PDS/CL9603MA
2025-04-04 04:38:59.498288 - Found CL9604AP.txt (text/plain) in CBT.V508.FILE120.PDS, moved to PDS/CL9604AP
2025-04-04 04:38:59.498451 - Found CL9605MY.txt (text/plain) in CBT.V508.FILE120.PDS, moved to PDS/CL9605MY
2025-04-04 04:38:59.498573 - Found CL9606JN.txt (text/plain) in CBT.V508.FILE120.PDS, moved to PDS/CL9606JN
2025-04-04 04:38:59.498704 - Found CL9607JL.txt (text/plain) in CBT.V508.FILE120.PDS, moved to PDS/CL9607JL
2025-04-04 04:38:59.498853 - Found CL9608AU.txt (text/plain) in CBT.V508.FILE120.PDS, moved to PDS/CL9608AU
2025-04-04 04:38:59.498969 - Found CL9609SE.txt (text/plain) in CBT.V508.FILE120.PDS, moved to PDS/CL9609SE
2025-04-04 04:38:59.499085 - Found CL9610OC.txt (text/plain) in CBT.V508.FILE120.PDS, moved to PDS/CL9610OC
2025-04-04 04:38:59.499199 - Found CL9611NV.txt (text/plain) in CBT.V508.FILE120.PDS, moved to PDS/CL9611NV
2025-04-04 04:38:59.499344 - Found CL9612DE.txt (text/plain) in CBT.V508.FILE120.PDS, moved to PDS/CL9612DE
2025-04-04 04:38:59.499464 - Found CL9702FE.txt (text/plain) in CBT.V508.FILE120.PDS, moved to PDS/CL9702FE
2025-04-04 04:38:59.499584 - Found CL9703MA.txt (text/plain) in CBT.V508.FILE120.PDS, moved to PDS/CL9703MA
2025-04-04 04:38:59.499745 - Found CL9704AP.txt (text/plain) in CBT.V508.FILE120.PDS, moved to PDS/CL9704AP
2025-04-04 04:38:59.499863 - Found CL9705MY.txt (text/plain) in CBT.V508.FILE120.PDS, moved to PDS/CL9705MY
2025-04-04 04:38:59.500020 - Found CL9706JN.txt (text/plain) in CBT.V508.FILE120.PDS, moved to PDS/CL9706JN
2025-04-04 04:38:59.500128 - Found CL9707JL.txt (text/plain) in CBT.V508.FILE120.PDS, moved to PDS/CL9707JL
2025-04-04 04:38:59.500248 - Found CL9708AU.txt (text/plain) in CBT.V508.FILE120.PDS, moved to PDS/CL9708AU
2025-04-04 04:38:59.500378 - Found CL9709SE.txt (text/plain) in CBT.V508.FILE120.PDS, moved to PDS/CL9709SE
2025-04-04 04:38:59.500514 - Found CL9710OC.txt (text/plain) in CBT.V508.FILE120.PDS, moved to PDS/CL9710OC
2025-04-04 04:38:59.500642 - Found CL9711NV.txt (text/plain) in CBT.V508.FILE120.PDS, moved to PDS/CL9711NV
2025-04-04 04:38:59.500767 - Found CL9712DE.txt (text/plain) in CBT.V508.FILE120.PDS, moved to PDS/CL9712DE
2025-04-04 04:38:59.500881 - Found CL9801JA.txt (text/plain) in CBT.V508.FILE120.PDS, moved to PDS/CL9801JA
2025-04-04 04:38:59.501013 - Found CL9802FE.txt (text/plain) in CBT.V508.FILE120.PDS, moved to PDS/CL9802FE
2025-04-04 04:38:59.501130 - Found CL9803MA.txt (text/plain) in CBT.V508.FILE120.PDS, moved to PDS/CL9803MA
2025-04-04 04:38:59.501283 - Found CL9804AP.txt (text/plain) in CBT.V508.FILE120.PDS, moved to PDS/CL9804AP
2025-04-04 04:38:59.501406 - Found CL9805MY.txt (text/plain) in CBT.V508.FILE120.PDS, moved to PDS/CL9805MY
2025-04-04 04:38:59.501525 - Found CL9806JN.txt (text/plain) in CBT.V508.FILE120.PDS, moved to PDS/CL9806JN
2025-04-04 04:38:59.501648 - Found CL9807JL.txt (text/plain) in CBT.V508.FILE120.PDS, moved to PDS/CL9807JL
2025-04-04 04:38:59.501769 - Found CL9808SE.txt (text/plain) in CBT.V508.FILE120.PDS, moved to PDS/CL9808SE
2025-04-04 04:38:59.501877 - Found CL9809OC.txt (text/plain) in CBT.V508.FILE120.PDS, moved to PDS/CL9809OC
2025-04-04 04:38:59.502029 - Found CL9810NV.txt (text/plain) in CBT.V508.FILE120.PDS, moved to PDS/CL9810NV
2025-04-04 04:38:59.502146 - Found CL9811DE.txt (text/plain) in CBT.V508.FILE120.PDS, moved to PDS/CL9811DE
2025-04-04 04:38:59.502264 - Found CL9901JA.txt (text/plain) in CBT.V508.FILE120.PDS, moved to PDS/CL9901JA
2025-04-04 04:38:59.502534 - Found CL9902FE.txt (text/plain) in CBT.V508.FILE120.PDS, moved to PDS/CL9902FE
2025-04-04 04:38:59.502648 - Found CL9903MA.txt (text/plain) in CBT.V508.FILE120.PDS, moved to PDS/CL9903MA
2025-04-04 04:38:59.502776 - Found CL9904AP.txt (text/plain) in CBT.V508.FILE120.PDS, moved to PDS/CL9904AP
2025-04-04 04:38:59.502898 - Found CL9905MY.txt (text/plain) in CBT.V508.FILE120.PDS, moved to PDS/CL9905MY
2025-04-04 04:38:59.503005 - Found CL9906JN.txt (text/plain) in CBT.V508.FILE120.PDS, moved to PDS/CL9906JN
2025-04-04 04:38:59.503112 - Found CL9907JL.txt (text/plain) in CBT.V508.FILE120.PDS, moved to PDS/CL9907JL
2025-04-04 04:38:59.503223 - Found CL9908AU.txt (text/plain) in CBT.V508.FILE120.PDS, moved to PDS/CL9908AU
2025-04-04 04:38:59.503345 - Found CL9909SE.txt (text/plain) in CBT.V508.FILE120.PDS, moved to PDS/CL9909SE
2025-04-04 04:38:59.503461 - Found CL9910OC.txt (text/plain) in CBT.V508.FILE120.PDS, moved to PDS/CL9910OC
2025-04-04 04:38:59.503597 - Found CL9911NV.txt (text/plain) in CBT.V508.FILE120.PDS, moved to PDS/CL9911NV
2025-04-04 04:38:59.503731 - Found CL9912DE.txt (text/plain) in CBT.V508.FILE120.PDS, moved to PDS/CL9912DE
2025-04-04 04:38:59.503998 - Found CM0001JA.txt (text/plain) in CBT.V508.FILE120.PDS, moved to PDS/CM0001JA
2025-04-04 04:38:59.504116 - Found CM0002FE.txt (text/plain) in CBT.V508.FILE120.PDS, moved to PDS/CM0002FE
2025-04-04 04:38:59.504239 - Found CM0003MA.txt (text/plain) in CBT.V508.FILE120.PDS, moved to PDS/CM0003MA
2025-04-04 04:38:59.504346 - Found CM0004AP.txt (text/plain) in CBT.V508.FILE120.PDS, moved to PDS/CM0004AP
2025-04-04 04:38:59.504483 - Found CM0005MY.txt (text/plain) in CBT.V508.FILE120.PDS, moved to PDS/CM0005MY
2025-04-04 04:38:59.504608 - Found CM0006JN.txt (text/plain) in CBT.V508.FILE120.PDS, moved to PDS/CM0006JN
2025-04-04 04:38:59.504719 - Found CM0007JL.txt (text/plain) in CBT.V508.FILE120.PDS, moved to PDS/CM0007JL
2025-04-04 04:38:59.504855 - Found CM0008AU.txt (text/plain) in CBT.V508.FILE120.PDS, moved to PDS/CM0008AU
2025-04-04 04:38:59.504992 - Found CM0010OC.txt (text/plain) in CBT.V508.FILE120.PDS, moved to PDS/CM0010OC
2025-04-04 04:38:59.505142 - Found CM0011NV.txt (text/plain) in CBT.V508.FILE120.PDS, moved to PDS/CM0011NV
2025-04-04 04:38:59.505262 - Found CM0012DE.txt (text/plain) in CBT.V508.FILE120.PDS, moved to PDS/CM0012DE
2025-04-04 04:38:59.505378 - Found CM0101JA.txt (text/plain) in CBT.V508.FILE120.PDS, moved to PDS/CM0101JA
2025-04-04 04:38:59.505485 - Found CM0102FE.txt (text/plain) in CBT.V508.FILE120.PDS, moved to PDS/CM0102FE
2025-04-04 04:38:59.505616 - Found CM0103MA.txt (text/plain) in CBT.V508.FILE120.PDS, moved to PDS/CM0103MA
2025-04-04 04:38:59.505775 - Found CM0104AP.txt (text/plain) in CBT.V508.FILE120.PDS, moved to PDS/CM0104AP
2025-04-04 04:38:59.505894 - Found CM0105MY.txt (text/plain) in CBT.V508.FILE120.PDS, moved to PDS/CM0105MY
2025-04-04 04:38:59.506012 - Found CM0106JN.txt (text/plain) in CBT.V508.FILE120.PDS, moved to PDS/CM0106JN
2025-04-04 04:38:59.506142 - Found CM0107JL.txt (text/plain) in CBT.V508.FILE120.PDS, moved to PDS/CM0107JL
2025-04-04 04:38:59.506298 - Found CM0108AU.txt (text/plain) in CBT.V508.FILE120.PDS, moved to PDS/CM0108AU
2025-04-04 04:38:59.506413 - Found CM0109SE.txt (text/plain) in CBT.V508.FILE120.PDS, moved to PDS/CM0109SE
2025-04-04 04:38:59.506568 - Found CM0110OC.txt (text/plain) in CBT.V508.FILE120.PDS, moved to PDS/CM0110OC
2025-04-04 04:38:59.506700 - Found CM0111NV.txt (text/plain) in CBT.V508.FILE120.PDS, moved to PDS/CM0111NV
2025-04-04 04:38:59.506834 - Found CM0112DE.txt (text/plain) in CBT.V508.FILE120.PDS, moved to PDS/CM0112DE
2025-04-04 04:38:59.506950 - Found CM011201.txt (text/plain) in CBT.V508.FILE120.PDS, moved to PDS/CM011201
2025-04-04 04:38:59.507105 - Found CM0201JA.txt (text/plain) in CBT.V508.FILE120.PDS, moved to PDS/CM0201JA
2025-04-04 04:38:59.507222 - Found CM0202FE.txt (text/plain) in CBT.V508.FILE120.PDS, moved to PDS/CM0202FE
2025-04-04 04:38:59.507345 - Found CM0203MA.txt (text/plain) in CBT.V508.FILE120.PDS, moved to PDS/CM0203MA
2025-04-04 04:38:59.507461 - Found CM0204AP.txt (text/plain) in CBT.V508.FILE120.PDS, moved to PDS/CM0204AP
2025-04-04 04:38:59.507584 - Found CM0205MY.txt (text/plain) in CBT.V508.FILE120.PDS, moved to PDS/CM0205MY
2025-04-04 04:38:59.507700 - Found CM0206JL.txt (text/plain) in CBT.V508.FILE120.PDS, moved to PDS/CM0206JL
2025-04-04 04:38:59.507855 - Found CM0207AU.txt (text/plain) in CBT.V508.FILE120.PDS, moved to PDS/CM0207AU
2025-04-04 04:38:59.508005 - Found CM0208SE.txt (text/plain) in CBT.V508.FILE120.PDS, moved to PDS/CM0208SE
2025-04-04 04:38:59.508127 - Found CM0209OC.txt (text/plain) in CBT.V508.FILE120.PDS, moved to PDS/CM0209OC
2025-04-04 04:38:59.508265 - Found CM0210NV.txt (text/plain) in CBT.V508.FILE120.PDS, moved to PDS/CM0210NV
2025-04-04 04:38:59.508384 - Found CM0211DE.txt (text/plain) in CBT.V508.FILE120.PDS, moved to PDS/CM0211DE
2025-04-04 04:38:59.508491 - Found CM0301JA.txt (text/plain) in CBT.V508.FILE120.PDS, moved to PDS/CM0301JA
2025-04-04 04:38:59.508601 - Found CM0302FE.txt (text/plain) in CBT.V508.FILE120.PDS, moved to PDS/CM0302FE
2025-04-04 04:38:59.508720 - Found CM0303MA.txt (text/plain) in CBT.V508.FILE120.PDS, moved to PDS/CM0303MA
2025-04-04 04:38:59.508839 - Found CM0304AP.txt (text/plain) in CBT.V508.FILE120.PDS, moved to PDS/CM0304AP
2025-04-04 04:38:59.509013 - Found CM0305MY.txt (text/plain) in CBT.V508.FILE120.PDS, moved to PDS/CM0305MY
2025-04-04 04:38:59.509135 - Found CM0306JN.txt (text/plain) in CBT.V508.FILE120.PDS, moved to PDS/CM0306JN
2025-04-04 04:38:59.509295 - Found CM0307JL.txt (text/plain) in CBT.V508.FILE120.PDS, moved to PDS/CM0307JL
2025-04-04 04:38:59.509412 - Found CM0308AU.txt (text/plain) in CBT.V508.FILE120.PDS, moved to PDS/CM0308AU
2025-04-04 04:38:59.509528 - Found CM0309SE.txt (text/plain) in CBT.V508.FILE120.PDS, moved to PDS/CM0309SE
2025-04-04 04:38:59.509653 - Found CM0310OC.txt (text/plain) in CBT.V508.FILE120.PDS, moved to PDS/CM0310OC
2025-04-04 04:38:59.509769 - Found CM0311NV.txt (text/plain) in CBT.V508.FILE120.PDS, moved to PDS/CM0311NV
2025-04-04 04:38:59.509922 - Found CM0312DE.txt (text/plain) in CBT.V508.FILE120.PDS, moved to PDS/CM0312DE
2025-04-04 04:38:59.510049 - Found CM0401JA.txt (text/plain) in CBT.V508.FILE120.PDS, moved to PDS/CM0401JA
2025-04-04 04:38:59.510172 - Found CM0402FE.txt (text/plain) in CBT.V508.FILE120.PDS, moved to PDS/CM0402FE
2025-04-04 04:38:59.510295 - Found CM0403MA.txt (text/plain) in CBT.V508.FILE120.PDS, moved to PDS/CM0403MA
2025-04-04 04:38:59.510426 - Found CM0404AP.txt (text/plain) in CBT.V508.FILE120.PDS, moved to PDS/CM0404AP
2025-04-04 04:38:59.510544 - Found CM0405MY.txt (text/plain) in CBT.V508.FILE120.PDS, moved to PDS/CM0405MY
2025-04-04 04:38:59.510662 - Found CM0406JN.txt (text/plain) in CBT.V508.FILE120.PDS, moved to PDS/CM0406JN
2025-04-04 04:38:59.510782 - Found CM0407JL.txt (text/plain) in CBT.V508.FILE120.PDS, moved to PDS/CM0407JL
2025-04-04 04:38:59.510901 - Found CM0408AU.txt (text/plain) in CBT.V508.FILE120.PDS, moved to PDS/CM0408AU
2025-04-04 04:38:59.511040 - Found CM0409SE.txt (text/plain) in CBT.V508.FILE120.PDS, moved to PDS/CM0409SE
2025-04-04 04:38:59.511160 - Found CM0410OC.txt (text/plain) in CBT.V508.FILE120.PDS, moved to PDS/CM0410OC
2025-04-04 04:38:59.511283 - Found CM0411NV.txt (text/plain) in CBT.V508.FILE120.PDS, moved to PDS/CM0411NV
2025-04-04 04:38:59.511402 - Found CM0412DE.txt (text/plain) in CBT.V508.FILE120.PDS, moved to PDS/CM0412DE
2025-04-04 04:38:59.511536 - Found CM0501JA.txt (text/plain) in CBT.V508.FILE120.PDS, moved to PDS/CM0501JA
2025-04-04 04:38:59.511642 - Found CM0502FE.txt (text/plain) in CBT.V508.FILE120.PDS, moved to PDS/CM0502FE
2025-04-04 04:38:59.511759 - Found CM0503MA.txt (text/plain) in CBT.V508.FILE120.PDS, moved to PDS/CM0503MA
2025-04-04 04:38:59.511880 - Found CM0504AP.txt (text/plain) in CBT.V508.FILE120.PDS, moved to PDS/CM0504AP
2025-04-04 04:38:59.511996 - Found CM0505MY.txt (text/plain) in CBT.V508.FILE120.PDS, moved to PDS/CM0505MY
2025-04-04 04:38:59.512114 - Found CM0506JN.txt (text/plain) in CBT.V508.FILE120.PDS, moved to PDS/CM0506JN
2025-04-04 04:38:59.512252 - Found CM0507JL.txt (text/plain) in CBT.V508.FILE120.PDS, moved to PDS/CM0507JL
2025-04-04 04:38:59.512385 - Found CM0508AU.txt (text/plain) in CBT.V508.FILE120.PDS, moved to PDS/CM0508AU
2025-04-04 04:38:59.512501 - Found CM0509SE.txt (text/plain) in CBT.V508.FILE120.PDS, moved to PDS/CM0509SE
2025-04-04 04:38:59.512640 - Found CM0510OC.txt (text/plain) in CBT.V508.FILE120.PDS, moved to PDS/CM0510OC
2025-04-04 04:38:59.512768 - Found CM0511NV.txt (text/plain) in CBT.V508.FILE120.PDS, moved to PDS/CM0511NV
2025-04-04 04:38:59.512919 - Found CM0512DE.txt (text/plain) in CBT.V508.FILE120.PDS, moved to PDS/CM0512DE
2025-04-04 04:38:59.513039 - Found CM0601JA.txt (text/plain) in CBT.V508.FILE120.PDS, moved to PDS/CM0601JA
2025-04-04 04:38:59.513158 - Found CM0602FE.txt (text/plain) in CBT.V508.FILE120.PDS, moved to PDS/CM0602FE
2025-04-04 04:38:59.513266 - Found CM0603MA.txt (text/plain) in CBT.V508.FILE120.PDS, moved to PDS/CM0603MA
2025-04-04 04:38:59.513381 - Found CM0604AP.txt (text/plain) in CBT.V508.FILE120.PDS, moved to PDS/CM0604AP
2025-04-04 04:38:59.513512 - Found CM0605MY.txt (text/plain) in CBT.V508.FILE120.PDS, moved to PDS/CM0605MY
2025-04-04 04:38:59.513634 - Found CM0606JN.txt (text/plain) in CBT.V508.FILE120.PDS, moved to PDS/CM0606JN
2025-04-04 04:38:59.513754 - Found CM0607JL.txt (text/plain) in CBT.V508.FILE120.PDS, moved to PDS/CM0607JL
2025-04-04 04:38:59.513874 - Found CM0608AU.txt (text/plain) in CBT.V508.FILE120.PDS, moved to PDS/CM0608AU
2025-04-04 04:38:59.513992 - Found CM0609SE.txt (text/plain) in CBT.V508.FILE120.PDS, moved to PDS/CM0609SE
2025-04-04 04:38:59.514115 - Found CM0610OC.txt (text/plain) in CBT.V508.FILE120.PDS, moved to PDS/CM0610OC
2025-04-04 04:38:59.514234 - Found CM0611NV.txt (text/plain) in CBT.V508.FILE120.PDS, moved to PDS/CM0611NV
2025-04-04 04:38:59.514352 - Found CM0612DE.txt (text/plain) in CBT.V508.FILE120.PDS, moved to PDS/CM0612DE
2025-04-04 04:38:59.514490 - Found CM0701JA.txt (text/plain) in CBT.V508.FILE120.PDS, moved to PDS/CM0701JA
2025-04-04 04:38:59.514645 - Found CM0702FE.txt (text/plain) in CBT.V508.FILE120.PDS, moved to PDS/CM0702FE
2025-04-04 04:38:59.514808 - Found CM0703MA.txt (text/plain) in CBT.V508.FILE120.PDS, moved to PDS/CM0703MA
2025-04-04 04:38:59.514969 - Found CM0704AP.txt (text/plain) in CBT.V508.FILE120.PDS, moved to PDS/CM0704AP
2025-04-04 04:38:59.515132 - Found CM0705MY.txt (text/plain) in CBT.V508.FILE120.PDS, moved to PDS/CM0705MY
2025-04-04 04:38:59.515281 - Found CM0706JN.txt (text/plain) in CBT.V508.FILE120.PDS, moved to PDS/CM0706JN
2025-04-04 04:38:59.515431 - Found CM0707JL.txt (text/plain) in CBT.V508.FILE120.PDS, moved to PDS/CM0707JL
2025-04-04 04:38:59.515576 - Found CM0708AU.txt (text/plain) in CBT.V508.FILE120.PDS, moved to PDS/CM0708AU
2025-04-04 04:38:59.515754 - Found CM0709SE.txt (text/plain) in CBT.V508.FILE120.PDS, moved to PDS/CM0709SE
2025-04-04 04:38:59.515910 - Found CM0710OC.txt (text/plain) in CBT.V508.FILE120.PDS, moved to PDS/CM0710OC
2025-04-04 04:38:59.516075 - Found CM0711NV.txt (text/plain) in CBT.V508.FILE120.PDS, moved to PDS/CM0711NV
2025-04-04 04:38:59.516247 - Found CM0712DE.txt (text/plain) in CBT.V508.FILE120.PDS, moved to PDS/CM0712DE
2025-04-04 04:38:59.516496 - Found CM0801JA.txt (text/plain) in CBT.V508.FILE120.PDS, moved to PDS/CM0801JA
2025-04-04 04:38:59.516697 - Found CM0802FE.txt (text/plain) in CBT.V508.FILE120.PDS, moved to PDS/CM0802FE
2025-04-04 04:38:59.516893 - Found CM0803MA.txt (text/plain) in CBT.V508.FILE120.PDS, moved to PDS/CM0803MA
2025-04-04 04:38:59.517072 - Found CM0804AP.txt (text/plain) in CBT.V508.FILE120.PDS, moved to PDS/CM0804AP
2025-04-04 04:38:59.517274 - Found CM0805MY.txt (text/plain) in CBT.V508.FILE120.PDS, moved to PDS/CM0805MY
